<?xml version="1.0" encoding="UTF-8"?>
<testsuites>
  <testsuite name="/home/josbeir/Sites/elastic-search/phpunit.xml.dist" tests="252" assertions="862" errors="0" failures="0" skipped="0" time="4.425253">
    <testsuite name="ElasticSearch" tests="252" assertions="862" errors="0" failures="0" skipped="0" time="4.425253">
      <testsuite name="Cake\ElasticSearch\Test\TestCase\Datasource\ConnectionTest" file="/home/josbeir/Sites/elastic-search/tests/TestCase/Datasource/ConnectionTest.php" tests="13" assertions="37" errors="0" failures="0" skipped="0" time="0.011989">
        <testcase name="testGetIndex" file="/home/josbeir/Sites/elastic-search/tests/TestCase/Datasource/ConnectionTest.php" line="58" class="Cake\ElasticSearch\Test\TestCase\Datasource\ConnectionTest" classname="Cake.ElasticSearch.Test.TestCase.Datasource.ConnectionTest" assertions="2" time="0.001546"/>
        <testcase name="testConstructLogOption" file="/home/josbeir/Sites/elastic-search/tests/TestCase/Datasource/ConnectionTest.php" line="71" class="Cake\ElasticSearch\Test\TestCase\Datasource\ConnectionTest" classname="Cake.ElasticSearch.Test.TestCase.Datasource.ConnectionTest" assertions="3" time="0.000683"/>
        <testcase name="testQueryLoggingWithLog" file="/home/josbeir/Sites/elastic-search/tests/TestCase/Datasource/ConnectionTest.php" line="86" class="Cake\ElasticSearch\Test\TestCase\Datasource\ConnectionTest" classname="Cake.ElasticSearch.Test.TestCase.Datasource.ConnectionTest" assertions="3" time="0.000320"/>
        <testcase name="testLoggerQueryLogger" file="/home/josbeir/Sites/elastic-search/tests/TestCase/Datasource/ConnectionTest.php" line="108" class="Cake\ElasticSearch\Test\TestCase\Datasource\ConnectionTest" classname="Cake.ElasticSearch.Test.TestCase.Datasource.ConnectionTest" assertions="3" time="0.001048"/>
        <testcase name="testCallMethodDelegation" file="/home/josbeir/Sites/elastic-search/tests/TestCase/Datasource/ConnectionTest.php" line="131" class="Cake\ElasticSearch\Test\TestCase\Datasource\ConnectionTest" classname="Cake.ElasticSearch.Test.TestCase.Datasource.ConnectionTest" assertions="3" time="0.002824"/>
        <testcase name="testGetSchemaCollection" file="/home/josbeir/Sites/elastic-search/tests/TestCase/Datasource/ConnectionTest.php" line="148" class="Cake\ElasticSearch\Test\TestCase\Datasource\ConnectionTest" classname="Cake.ElasticSearch.Test.TestCase.Datasource.ConnectionTest" assertions="1" time="0.000391"/>
        <testcase name="testDisableConstraints" file="/home/josbeir/Sites/elastic-search/tests/TestCase/Datasource/ConnectionTest.php" line="159" class="Cake\ElasticSearch\Test\TestCase\Datasource\ConnectionTest" classname="Cake.ElasticSearch.Test.TestCase.Datasource.ConnectionTest" assertions="3" time="0.000302"/>
        <testcase name="testCacheManagement" file="/home/josbeir/Sites/elastic-search/tests/TestCase/Datasource/ConnectionTest.php" line="178" class="Cake\ElasticSearch\Test\TestCase\Datasource\ConnectionTest" classname="Cake.ElasticSearch.Test.TestCase.Datasource.ConnectionTest" assertions="2" time="0.001665"/>
        <testcase name="testGetDriver" file="/home/josbeir/Sites/elastic-search/tests/TestCase/Datasource/ConnectionTest.php" line="205" class="Cake\ElasticSearch\Test\TestCase\Datasource\ConnectionTest" classname="Cake.ElasticSearch.Test.TestCase.Datasource.ConnectionTest" assertions="2" time="0.000353"/>
        <testcase name="testConstructorLegacyConfigConversion" file="/home/josbeir/Sites/elastic-search/tests/TestCase/Datasource/ConnectionTest.php" line="220" class="Cake\ElasticSearch\Test\TestCase\Datasource\ConnectionTest" classname="Cake.ElasticSearch.Test.TestCase.Datasource.ConnectionTest" assertions="4" time="0.000454"/>
        <testcase name="testConfigurationVariations" file="/home/josbeir/Sites/elastic-search/tests/TestCase/Datasource/ConnectionTest.php" line="238" class="Cake\ElasticSearch\Test\TestCase\Datasource\ConnectionTest" classname="Cake.ElasticSearch.Test.TestCase.Datasource.ConnectionTest" assertions="3" time="0.000494"/>
        <testcase name="testConfigName" file="/home/josbeir/Sites/elastic-search/tests/TestCase/Datasource/ConnectionTest.php" line="258" class="Cake\ElasticSearch\Test\TestCase\Datasource\ConnectionTest" classname="Cake.ElasticSearch.Test.TestCase.Datasource.ConnectionTest" assertions="2" time="0.000608"/>
        <testcase name="testQueryLoggingToggle" file="/home/josbeir/Sites/elastic-search/tests/TestCase/Datasource/ConnectionTest.php" line="271" class="Cake\ElasticSearch\Test\TestCase\Datasource\ConnectionTest" classname="Cake.ElasticSearch.Test.TestCase.Datasource.ConnectionTest" assertions="6" time="0.001301"/>
      </testsuite>
      <testsuite name="Cake\ElasticSearch\Test\TestCase\Datasource\IndexLocatorAwareTraitTest" file="/home/josbeir/Sites/elastic-search/tests/TestCase/Datasource/IndexLocatorAwareTraitTest.php" tests="12" assertions="34" errors="0" failures="0" skipped="0" time="0.011197">
        <testcase name="testSetIndexLocator" file="/home/josbeir/Sites/elastic-search/tests/TestCase/Datasource/IndexLocatorAwareTraitTest.php" line="79" class="Cake\ElasticSearch\Test\TestCase\Datasource\IndexLocatorAwareTraitTest" classname="Cake.ElasticSearch.Test.TestCase.Datasource.IndexLocatorAwareTraitTest" assertions="2" time="0.001193"/>
        <testcase name="testGetIndexLocatorWithSetLocator" file="/home/josbeir/Sites/elastic-search/tests/TestCase/Datasource/IndexLocatorAwareTraitTest.php" line="90" class="Cake\ElasticSearch\Test\TestCase\Datasource\IndexLocatorAwareTraitTest" classname="Cake.ElasticSearch.Test.TestCase.Datasource.IndexLocatorAwareTraitTest" assertions="1" time="0.000270"/>
        <testcase name="testGetIndexLocatorWithFactoryLocator" file="/home/josbeir/Sites/elastic-search/tests/TestCase/Datasource/IndexLocatorAwareTraitTest.php" line="102" class="Cake\ElasticSearch\Test\TestCase\Datasource\IndexLocatorAwareTraitTest" classname="Cake.ElasticSearch.Test.TestCase.Datasource.IndexLocatorAwareTraitTest" assertions="2" time="0.000234"/>
        <testcase name="testFetchIndexWithAlias" file="/home/josbeir/Sites/elastic-search/tests/TestCase/Datasource/IndexLocatorAwareTraitTest.php" line="130" class="Cake\ElasticSearch\Test\TestCase\Datasource\IndexLocatorAwareTraitTest" classname="Cake.ElasticSearch.Test.TestCase.Datasource.IndexLocatorAwareTraitTest" assertions="4" time="0.006045"/>
        <testcase name="testFetchIndexWithDefaultAlias" file="/home/josbeir/Sites/elastic-search/tests/TestCase/Datasource/IndexLocatorAwareTraitTest.php" line="152" class="Cake\ElasticSearch\Test\TestCase\Datasource\IndexLocatorAwareTraitTest" classname="Cake.ElasticSearch.Test.TestCase.Datasource.IndexLocatorAwareTraitTest" assertions="4" time="0.000361"/>
        <testcase name="testFetchIndexWithoutAliasThrowsException" file="/home/josbeir/Sites/elastic-search/tests/TestCase/Datasource/IndexLocatorAwareTraitTest.php" line="176" class="Cake\ElasticSearch\Test\TestCase\Datasource\IndexLocatorAwareTraitTest" classname="Cake.ElasticSearch.Test.TestCase.Datasource.IndexLocatorAwareTraitTest" assertions="2" time="0.000250"/>
        <testcase name="testFetchIndexWithEmptyStringAliasThrowsException" file="/home/josbeir/Sites/elastic-search/tests/TestCase/Datasource/IndexLocatorAwareTraitTest.php" line="190" class="Cake\ElasticSearch\Test\TestCase\Datasource\IndexLocatorAwareTraitTest" classname="Cake.ElasticSearch.Test.TestCase.Datasource.IndexLocatorAwareTraitTest" assertions="2" time="0.000249"/>
        <testcase name="testFetchIndexNullCoalescingWithDefault" file="/home/josbeir/Sites/elastic-search/tests/TestCase/Datasource/IndexLocatorAwareTraitTest.php" line="204" class="Cake\ElasticSearch\Test\TestCase\Datasource\IndexLocatorAwareTraitTest" classname="Cake.ElasticSearch.Test.TestCase.Datasource.IndexLocatorAwareTraitTest" assertions="4" time="0.000329"/>
        <testcase name="testFetchIndexOverridesDefaultWhenAliasProvided" file="/home/josbeir/Sites/elastic-search/tests/TestCase/Datasource/IndexLocatorAwareTraitTest.php" line="228" class="Cake\ElasticSearch\Test\TestCase\Datasource\IndexLocatorAwareTraitTest" classname="Cake.ElasticSearch.Test.TestCase.Datasource.IndexLocatorAwareTraitTest" assertions="4" time="0.000341"/>
        <testcase name="testFetchIndexAssertsIndexType" file="/home/josbeir/Sites/elastic-search/tests/TestCase/Datasource/IndexLocatorAwareTraitTest.php" line="253" class="Cake\ElasticSearch\Test\TestCase\Datasource\IndexLocatorAwareTraitTest" classname="Cake.ElasticSearch.Test.TestCase.Datasource.IndexLocatorAwareTraitTest" assertions="4" time="0.000549"/>
        <testcase name="testGetIndexLocatorCachesInstance" file="/home/josbeir/Sites/elastic-search/tests/TestCase/Datasource/IndexLocatorAwareTraitTest.php" line="273" class="Cake\ElasticSearch\Test\TestCase\Datasource\IndexLocatorAwareTraitTest" classname="Cake.ElasticSearch.Test.TestCase.Datasource.IndexLocatorAwareTraitTest" assertions="2" time="0.000560"/>
        <testcase name="testDefaultIndexProperty" file="/home/josbeir/Sites/elastic-search/tests/TestCase/Datasource/IndexLocatorAwareTraitTest.php" line="288" class="Cake\ElasticSearch\Test\TestCase\Datasource\IndexLocatorAwareTraitTest" classname="Cake.ElasticSearch.Test.TestCase.Datasource.IndexLocatorAwareTraitTest" assertions="3" time="0.000819"/>
      </testsuite>
      <testsuite name="Cake\ElasticSearch\Test\TestCase\Datasource\IndexLocatorTest" file="/home/josbeir/Sites/elastic-search/tests/TestCase/Datasource/IndexLocatorTest.php" tests="16" assertions="65" errors="0" failures="0" skipped="0" time="0.015804">
        <testcase name="testExists" file="/home/josbeir/Sites/elastic-search/tests/TestCase/Datasource/IndexLocatorTest.php" line="48" class="Cake\ElasticSearch\Test\TestCase\Datasource\IndexLocatorTest" classname="Cake.ElasticSearch.Test.TestCase.Datasource.IndexLocatorTest" assertions="2" time="0.001188"/>
        <testcase name="testExistsPlugin" file="/home/josbeir/Sites/elastic-search/tests/TestCase/Datasource/IndexLocatorTest.php" line="59" class="Cake\ElasticSearch\Test\TestCase\Datasource\IndexLocatorTest" classname="Cake.ElasticSearch.Test.TestCase.Datasource.IndexLocatorTest" assertions="4" time="0.000421"/>
        <testcase name="testGet" file="/home/josbeir/Sites/elastic-search/tests/TestCase/Datasource/IndexLocatorTest.php" line="72" class="Cake\ElasticSearch\Test\TestCase\Datasource\IndexLocatorTest" classname="Cake.ElasticSearch.Test.TestCase.Datasource.IndexLocatorTest" assertions="4" time="0.000314"/>
        <testcase name="testGetFallbacks" file="/home/josbeir/Sites/elastic-search/tests/TestCase/Datasource/IndexLocatorTest.php" line="91" class="Cake\ElasticSearch\Test\TestCase\Datasource\IndexLocatorTest" classname="Cake.ElasticSearch.Test.TestCase.Datasource.IndexLocatorTest" assertions="12" time="0.000437"/>
        <testcase name="testGetNoFallback" file="/home/josbeir/Sites/elastic-search/tests/TestCase/Datasource/IndexLocatorTest.php" line="128" class="Cake\ElasticSearch\Test\TestCase\Datasource\IndexLocatorTest" classname="Cake.ElasticSearch.Test.TestCase.Datasource.IndexLocatorTest" assertions="1" time="0.000314"/>
        <testcase name="testGetExistingWithConfigData" file="/home/josbeir/Sites/elastic-search/tests/TestCase/Datasource/IndexLocatorTest.php" line="138" class="Cake\ElasticSearch\Test\TestCase\Datasource\IndexLocatorTest" classname="Cake.ElasticSearch.Test.TestCase.Datasource.IndexLocatorTest" assertions="2" time="0.000572"/>
        <testcase name="testGetWithSameOption" file="/home/josbeir/Sites/elastic-search/tests/TestCase/Datasource/IndexLocatorTest.php" line="150" class="Cake\ElasticSearch\Test\TestCase\Datasource\IndexLocatorTest" classname="Cake.ElasticSearch.Test.TestCase.Datasource.IndexLocatorTest" assertions="1" time="0.000436"/>
        <testcase name="testGetPlugin" file="/home/josbeir/Sites/elastic-search/tests/TestCase/Datasource/IndexLocatorTest.php" line="160" class="Cake\ElasticSearch\Test\TestCase\Datasource\IndexLocatorTest" classname="Cake.ElasticSearch.Test.TestCase.Datasource.IndexLocatorTest" assertions="4" time="0.003823"/>
        <testcase name="testGetMultiplePlugins" file="/home/josbeir/Sites/elastic-search/tests/TestCase/Datasource/IndexLocatorTest.php" line="184" class="Cake\ElasticSearch\Test\TestCase\Datasource\IndexLocatorTest" classname="Cake.ElasticSearch.Test.TestCase.Datasource.IndexLocatorTest" assertions="6" time="0.000404"/>
        <testcase name="testGetPluginWithClassNameOption" file="/home/josbeir/Sites/elastic-search/tests/TestCase/Datasource/IndexLocatorTest.php" line="208" class="Cake\ElasticSearch\Test\TestCase\Datasource\IndexLocatorTest" classname="Cake.ElasticSearch.Test.TestCase.Datasource.IndexLocatorTest" assertions="5" time="0.000300"/>
        <testcase name="testGetPluginWithFullNamespaceName" file="/home/josbeir/Sites/elastic-search/tests/TestCase/Datasource/IndexLocatorTest.php" line="230" class="Cake\ElasticSearch\Test\TestCase\Datasource\IndexLocatorTest" classname="Cake.ElasticSearch.Test.TestCase.Datasource.IndexLocatorTest" assertions="3" time="0.000263"/>
        <testcase name="testSet" file="/home/josbeir/Sites/elastic-search/tests/TestCase/Datasource/IndexLocatorTest.php" line="246" class="Cake\ElasticSearch\Test\TestCase\Datasource\IndexLocatorTest" classname="Cake.ElasticSearch.Test.TestCase.Datasource.IndexLocatorTest" assertions="2" time="0.003272"/>
        <testcase name="testSetPlugin" file="/home/josbeir/Sites/elastic-search/tests/TestCase/Datasource/IndexLocatorTest.php" line="256" class="Cake\ElasticSearch\Test\TestCase\Datasource\IndexLocatorTest" classname="Cake.ElasticSearch.Test.TestCase.Datasource.IndexLocatorTest" assertions="2" time="0.003155"/>
        <testcase name="testRemove" file="/home/josbeir/Sites/elastic-search/tests/TestCase/Datasource/IndexLocatorTest.php" line="270" class="Cake\ElasticSearch\Test\TestCase\Datasource\IndexLocatorTest" classname="Cake.ElasticSearch.Test.TestCase.Datasource.IndexLocatorTest" assertions="4" time="0.000300"/>
        <testcase name="testRemovePlugin" file="/home/josbeir/Sites/elastic-search/tests/TestCase/Datasource/IndexLocatorTest.php" line="297" class="Cake\ElasticSearch\Test\TestCase\Datasource\IndexLocatorTest" classname="Cake.ElasticSearch.Test.TestCase.Datasource.IndexLocatorTest" assertions="12" time="0.000352"/>
        <testcase name="testSetFallbackClassName" file="/home/josbeir/Sites/elastic-search/tests/TestCase/Datasource/IndexLocatorTest.php" line="332" class="Cake\ElasticSearch\Test\TestCase\Datasource\IndexLocatorTest" classname="Cake.ElasticSearch.Test.TestCase.Datasource.IndexLocatorTest" assertions="1" time="0.000252"/>
      </testsuite>
      <testsuite name="Cake\ElasticSearch\Test\TestCase\Datasource\Log\ElasticLoggerTest" file="/home/josbeir/Sites/elastic-search/tests/TestCase/Datasource/Log/ElasticLoggerTest.php" tests="14" assertions="42" errors="0" failures="0" skipped="0" time="0.007726">
        <testcase name="testConstruct" file="/home/josbeir/Sites/elastic-search/tests/TestCase/Datasource/Log/ElasticLoggerTest.php" line="37" class="Cake\ElasticSearch\Test\TestCase\Datasource\Log\ElasticLoggerTest" classname="Cake.ElasticSearch.Test.TestCase.Datasource.Log.ElasticLoggerTest" assertions="2" time="0.001438"/>
        <testcase name="testConstructWithPsrLogger" file="/home/josbeir/Sites/elastic-search/tests/TestCase/Datasource/Log/ElasticLoggerTest.php" line="51" class="Cake\ElasticSearch\Test\TestCase\Datasource\Log\ElasticLoggerTest" classname="Cake.ElasticSearch.Test.TestCase.Datasource.Log.ElasticLoggerTest" assertions="1" time="0.001143"/>
        <testcase name="testSetAndGetLogger" file="/home/josbeir/Sites/elastic-search/tests/TestCase/Datasource/Log/ElasticLoggerTest.php" line="64" class="Cake\ElasticSearch\Test\TestCase\Datasource\Log\ElasticLoggerTest" classname="Cake.ElasticSearch.Test.TestCase.Datasource.Log.ElasticLoggerTest" assertions="3" time="0.000390"/>
        <testcase name="testLogWhenLoggingEnabled" file="/home/josbeir/Sites/elastic-search/tests/TestCase/Datasource/Log/ElasticLoggerTest.php" line="84" class="Cake\ElasticSearch\Test\TestCase\Datasource\Log\ElasticLoggerTest" classname="Cake.ElasticSearch.Test.TestCase.Datasource.Log.ElasticLoggerTest" assertions="4" time="0.000381"/>
        <testcase name="testLogWhenLoggingDisabled" file="/home/josbeir/Sites/elastic-search/tests/TestCase/Datasource/Log/ElasticLoggerTest.php" line="102" class="Cake\ElasticSearch\Test\TestCase\Datasource\Log\ElasticLoggerTest" classname="Cake.ElasticSearch.Test.TestCase.Datasource.Log.ElasticLoggerTest" assertions="1" time="0.000319"/>
        <testcase name="testLogFormatting9xDebugRequest" file="/home/josbeir/Sites/elastic-search/tests/TestCase/Datasource/Log/ElasticLoggerTest.php" line="119" class="Cake\ElasticSearch\Test\TestCase\Datasource\Log\ElasticLoggerTest" classname="Cake.ElasticSearch.Test.TestCase.Datasource.Log.ElasticLoggerTest" assertions="4" time="0.000573"/>
        <testcase name="testLogFormatting9xNewFormat" file="/home/josbeir/Sites/elastic-search/tests/TestCase/Datasource/Log/ElasticLoggerTest.php" line="158" class="Cake\ElasticSearch\Test\TestCase\Datasource\Log\ElasticLoggerTest" classname="Cake.ElasticSearch.Test.TestCase.Datasource.Log.ElasticLoggerTest" assertions="4" time="0.000458"/>
        <testcase name="testLogFormattingDifferentResponseStructures" file="/home/josbeir/Sites/elastic-search/tests/TestCase/Datasource/Log/ElasticLoggerTest.php" line="190" class="Cake\ElasticSearch\Test\TestCase\Datasource\Log\ElasticLoggerTest" classname="Cake.ElasticSearch.Test.TestCase.Datasource.Log.ElasticLoggerTest" assertions="4" time="0.000387"/>
        <testcase name="testLogFormattingLegacyTotalFormat" file="/home/josbeir/Sites/elastic-search/tests/TestCase/Datasource/Log/ElasticLoggerTest.php" line="226" class="Cake\ElasticSearch\Test\TestCase\Datasource\Log\ElasticLoggerTest" classname="Cake.ElasticSearch.Test.TestCase.Datasource.Log.ElasticLoggerTest" assertions="4" time="0.000466"/>
        <testcase name="testExceptionHandling" file="/home/josbeir/Sites/elastic-search/tests/TestCase/Datasource/Log/ElasticLoggerTest.php" line="265" class="Cake\ElasticSearch\Test\TestCase\Datasource\Log\ElasticLoggerTest" classname="Cake.ElasticSearch.Test.TestCase.Datasource.Log.ElasticLoggerTest" assertions="2" time="0.000483"/>
        <testcase name="testDifferentLogLevels" file="/home/josbeir/Sites/elastic-search/tests/TestCase/Datasource/Log/ElasticLoggerTest.php" line="286" class="Cake\ElasticSearch\Test\TestCase\Datasource\Log\ElasticLoggerTest" classname="Cake.ElasticSearch.Test.TestCase.Datasource.Log.ElasticLoggerTest" assertions="1" time="0.000588"/>
        <testcase name="testStringableMessage" file="/home/josbeir/Sites/elastic-search/tests/TestCase/Datasource/Log/ElasticLoggerTest.php" line="315" class="Cake\ElasticSearch\Test\TestCase\Datasource\Log\ElasticLoggerTest" classname="Cake.ElasticSearch.Test.TestCase.Datasource.Log.ElasticLoggerTest" assertions="4" time="0.000393"/>
        <testcase name="testLogWithEmptyContext" file="/home/josbeir/Sites/elastic-search/tests/TestCase/Datasource/Log/ElasticLoggerTest.php" line="339" class="Cake\ElasticSearch\Test\TestCase\Datasource\Log\ElasticLoggerTest" classname="Cake.ElasticSearch.Test.TestCase.Datasource.Log.ElasticLoggerTest" assertions="4" time="0.000342"/>
        <testcase name="testLogWithComplexContext" file="/home/josbeir/Sites/elastic-search/tests/TestCase/Datasource/Log/ElasticLoggerTest.php" line="356" class="Cake\ElasticSearch\Test\TestCase\Datasource\Log\ElasticLoggerTest" classname="Cake.ElasticSearch.Test.TestCase.Datasource.Log.ElasticLoggerTest" assertions="4" time="0.000364"/>
      </testsuite>
      <testsuite name="Cake\ElasticSearch\Test\TestCase\Datasource\MappingSchemaTest" file="/home/josbeir/Sites/elastic-search/tests/TestCase/Datasource/MappingSchemaTest.php" tests="5" assertions="10" errors="0" failures="0" skipped="0" time="0.001146">
        <testcase name="testName" file="/home/josbeir/Sites/elastic-search/tests/TestCase/Datasource/MappingSchemaTest.php" line="30" class="Cake\ElasticSearch\Test\TestCase\Datasource\MappingSchemaTest" classname="Cake.ElasticSearch.Test.TestCase.Datasource.MappingSchemaTest" assertions="1" time="0.000331"/>
        <testcase name="testFields" file="/home/josbeir/Sites/elastic-search/tests/TestCase/Datasource/MappingSchemaTest.php" line="39" class="Cake\ElasticSearch\Test\TestCase\Datasource\MappingSchemaTest" classname="Cake.ElasticSearch.Test.TestCase.Datasource.MappingSchemaTest" assertions="1" time="0.000218"/>
        <testcase name="testField" file="/home/josbeir/Sites/elastic-search/tests/TestCase/Datasource/MappingSchemaTest.php" line="60" class="Cake\ElasticSearch\Test\TestCase\Datasource\MappingSchemaTest" classname="Cake.ElasticSearch.Test.TestCase.Datasource.MappingSchemaTest" assertions="3" time="0.000203"/>
        <testcase name="testFieldNested" file="/home/josbeir/Sites/elastic-search/tests/TestCase/Datasource/MappingSchemaTest.php" line="83" class="Cake\ElasticSearch\Test\TestCase\Datasource\MappingSchemaTest" classname="Cake.ElasticSearch.Test.TestCase.Datasource.MappingSchemaTest" assertions="2" time="0.000196"/>
        <testcase name="testFieldType" file="/home/josbeir/Sites/elastic-search/tests/TestCase/Datasource/MappingSchemaTest.php" line="104" class="Cake\ElasticSearch\Test\TestCase\Datasource\MappingSchemaTest" classname="Cake.ElasticSearch.Test.TestCase.Datasource.MappingSchemaTest" assertions="3" time="0.000199"/>
      </testsuite>
      <testsuite name="Cake\ElasticSearch\Test\TestCase\DocumentTest" file="/home/josbeir/Sites/elastic-search/tests/TestCase/DocumentTest.php" tests="5" assertions="13" errors="0" failures="0" skipped="0" time="0.002425">
        <testcase name="testConstructorArray" file="/home/josbeir/Sites/elastic-search/tests/TestCase/DocumentTest.php" line="31" class="Cake\ElasticSearch\Test\TestCase\DocumentTest" classname="Cake.ElasticSearch.Test.TestCase.DocumentTest" assertions="1" time="0.000247"/>
        <testcase name="testConstructorWithResult" file="/home/josbeir/Sites/elastic-search/tests/TestCase/DocumentTest.php" line="42" class="Cake\ElasticSearch\Test\TestCase\DocumentTest" classname="Cake.ElasticSearch.Test.TestCase.DocumentTest" assertions="2" time="0.000563"/>
        <testcase name="testConstructorWithResultAsOption" file="/home/josbeir/Sites/elastic-search/tests/TestCase/DocumentTest.php" line="58" class="Cake\ElasticSearch\Test\TestCase\DocumentTest" classname="Cake.ElasticSearch.Test.TestCase.DocumentTest" assertions="1" time="0.000357"/>
        <testcase name="testNewWithNoResult" file="/home/josbeir/Sites/elastic-search/tests/TestCase/DocumentTest.php" line="73" class="Cake\ElasticSearch\Test\TestCase\DocumentTest" classname="Cake.ElasticSearch.Test.TestCase.DocumentTest" assertions="4" time="0.000321"/>
        <testcase name="testTypeWithResult" file="/home/josbeir/Sites/elastic-search/tests/TestCase/DocumentTest.php" line="86" class="Cake\ElasticSearch\Test\TestCase\DocumentTest" classname="Cake.ElasticSearch.Test.TestCase.DocumentTest" assertions="5" time="0.000937"/>
      </testsuite>
      <testsuite name="Cake\ElasticSearch\Test\TestCase\EmbeddedDocumentTest" file="/home/josbeir/Sites/elastic-search/tests/TestCase/EmbeddedDocumentTest.php" tests="13" assertions="40" errors="0" failures="0" skipped="0" time="0.366489">
        <testcase name="testEmbedOne" file="/home/josbeir/Sites/elastic-search/tests/TestCase/EmbeddedDocumentTest.php" line="52" class="Cake\ElasticSearch\Test\TestCase\EmbeddedDocumentTest" classname="Cake.ElasticSearch.Test.TestCase.EmbeddedDocumentTest" assertions="6" time="0.015329"/>
        <testcase name="testGetWithEmbedOne" file="/home/josbeir/Sites/elastic-search/tests/TestCase/EmbeddedDocumentTest.php" line="66" class="Cake\ElasticSearch\Test\TestCase\EmbeddedDocumentTest" classname="Cake.ElasticSearch.Test.TestCase.EmbeddedDocumentTest" assertions="2" time="0.013900"/>
        <testsuite name="Cake\ElasticSearch\Test\TestCase\EmbeddedDocumentTest::testGetWithEmbedOneType" tests="3" assertions="6" errors="0" failures="0" skipped="0" time="0.080918">
          <testcase name="testGetWithEmbedOneType with data set #0" file="/home/josbeir/Sites/elastic-search/tests/TestCase/EmbeddedDocumentTest.php" line="98" class="Cake\ElasticSearch\Test\TestCase\EmbeddedDocumentTest" classname="Cake.ElasticSearch.Test.TestCase.EmbeddedDocumentTest" assertions="2" time="0.022321"/>
          <testcase name="testGetWithEmbedOneType with data set #1" file="/home/josbeir/Sites/elastic-search/tests/TestCase/EmbeddedDocumentTest.php" line="98" class="Cake\ElasticSearch\Test\TestCase\EmbeddedDocumentTest" classname="Cake.ElasticSearch.Test.TestCase.EmbeddedDocumentTest" assertions="2" time="0.029133"/>
          <testcase name="testGetWithEmbedOneType with data set #2" file="/home/josbeir/Sites/elastic-search/tests/TestCase/EmbeddedDocumentTest.php" line="98" class="Cake\ElasticSearch\Test\TestCase\EmbeddedDocumentTest" classname="Cake.ElasticSearch.Test.TestCase.EmbeddedDocumentTest" assertions="2" time="0.029464"/>
        </testsuite>
        <testcase name="testFindWithEmbedOne" file="/home/josbeir/Sites/elastic-search/tests/TestCase/EmbeddedDocumentTest.php" line="110" class="Cake\ElasticSearch\Test\TestCase\EmbeddedDocumentTest" classname="Cake.ElasticSearch.Test.TestCase.EmbeddedDocumentTest" assertions="1" time="0.036990"/>
        <testcase name="testEmbedMany" file="/home/josbeir/Sites/elastic-search/tests/TestCase/EmbeddedDocumentTest.php" line="121" class="Cake\ElasticSearch\Test\TestCase\EmbeddedDocumentTest" classname="Cake.ElasticSearch.Test.TestCase.EmbeddedDocumentTest" assertions="6" time="0.032267"/>
        <testcase name="testGetWithEmbedMany" file="/home/josbeir/Sites/elastic-search/tests/TestCase/EmbeddedDocumentTest.php" line="135" class="Cake\ElasticSearch\Test\TestCase\EmbeddedDocumentTest" classname="Cake.ElasticSearch.Test.TestCase.EmbeddedDocumentTest" assertions="3" time="0.033188"/>
        <testsuite name="Cake\ElasticSearch\Test\TestCase\EmbeddedDocumentTest::testGetWithEmbedManyType" tests="3" assertions="9" errors="0" failures="0" skipped="0" time="0.114334">
          <testcase name="testGetWithEmbedManyType with data set #0" file="/home/josbeir/Sites/elastic-search/tests/TestCase/EmbeddedDocumentTest.php" line="151" class="Cake\ElasticSearch\Test\TestCase\EmbeddedDocumentTest" classname="Cake.ElasticSearch.Test.TestCase.EmbeddedDocumentTest" assertions="3" time="0.044528"/>
          <testcase name="testGetWithEmbedManyType with data set #1" file="/home/josbeir/Sites/elastic-search/tests/TestCase/EmbeddedDocumentTest.php" line="151" class="Cake\ElasticSearch\Test\TestCase\EmbeddedDocumentTest" classname="Cake.ElasticSearch.Test.TestCase.EmbeddedDocumentTest" assertions="3" time="0.046842"/>
          <testcase name="testGetWithEmbedManyType with data set #2" file="/home/josbeir/Sites/elastic-search/tests/TestCase/EmbeddedDocumentTest.php" line="151" class="Cake\ElasticSearch\Test\TestCase\EmbeddedDocumentTest" classname="Cake.ElasticSearch.Test.TestCase.EmbeddedDocumentTest" assertions="3" time="0.022965"/>
        </testsuite>
        <testcase name="testFindWithEmbedMany" file="/home/josbeir/Sites/elastic-search/tests/TestCase/EmbeddedDocumentTest.php" line="164" class="Cake\ElasticSearch\Test\TestCase\EmbeddedDocumentTest" classname="Cake.ElasticSearch.Test.TestCase.EmbeddedDocumentTest" assertions="4" time="0.016361"/>
        <testcase name="testEmbededMissingDocument" file="/home/josbeir/Sites/elastic-search/tests/TestCase/EmbeddedDocumentTest.php" line="180" class="Cake\ElasticSearch\Test\TestCase\EmbeddedDocumentTest" classname="Cake.ElasticSearch.Test.TestCase.EmbeddedDocumentTest" assertions="3" time="0.023202"/>
      </testsuite>
      <testsuite name="Cake\ElasticSearch\Test\TestCase\IndexTest" file="/home/josbeir/Sites/elastic-search/tests/TestCase/IndexTest.php" tests="43" assertions="129" errors="0" failures="0" skipped="0" time="1.364822">
        <testcase name="testFindAll" file="/home/josbeir/Sites/elastic-search/tests/TestCase/IndexTest.php" line="63" class="Cake\ElasticSearch\Test\TestCase\IndexTest" classname="Cake.ElasticSearch.Test.TestCase.IndexTest" assertions="2" time="0.028915"/>
        <testcase name="testFindAllWithFirstOrFail" file="/home/josbeir/Sites/elastic-search/tests/TestCase/IndexTest.php" line="73" class="Cake\ElasticSearch\Test\TestCase\IndexTest" classname="Cake.ElasticSearch.Test.TestCase.IndexTest" assertions="1" time="0.036939"/>
        <testcase name="testTable" file="/home/josbeir/Sites/elastic-search/tests/TestCase/IndexTest.php" line="82" class="Cake\ElasticSearch\Test\TestCase\IndexTest" classname="Cake.ElasticSearch.Test.TestCase.IndexTest" assertions="1" time="0.032224"/>
        <testcase name="testGetEntityClassDefault" file="/home/josbeir/Sites/elastic-search/tests/TestCase/IndexTest.php" line="90" class="Cake\ElasticSearch\Test\TestCase\IndexTest" classname="Cake.ElasticSearch.Test.TestCase.IndexTest" assertions="1" time="0.033221"/>
        <testcase name="testGetEntityClassCustom" file="/home/josbeir/Sites/elastic-search/tests/TestCase/IndexTest.php" line="98" class="Cake\ElasticSearch\Test\TestCase\IndexTest" classname="Cake.ElasticSearch.Test.TestCase.IndexTest" assertions="1" time="0.030456"/>
        <testcase name="testGetEntityClassDynamic" file="/home/josbeir/Sites/elastic-search/tests/TestCase/IndexTest.php" line="109" class="Cake\ElasticSearch\Test\TestCase\IndexTest" classname="Cake.ElasticSearch.Test.TestCase.IndexTest" assertions="1" time="0.036911"/>
        <testcase name="testSetEntityClassInApp" file="/home/josbeir/Sites/elastic-search/tests/TestCase/IndexTest.php" line="120" class="Cake\ElasticSearch\Test\TestCase\IndexTest" classname="Cake.ElasticSearch.Test.TestCase.IndexTest" assertions="1" time="0.033464"/>
        <testcase name="testsetEntityClassInPlugin" file="/home/josbeir/Sites/elastic-search/tests/TestCase/IndexTest.php" line="137" class="Cake\ElasticSearch\Test\TestCase\IndexTest" classname="Cake.ElasticSearch.Test.TestCase.IndexTest" assertions="2" time="0.031279"/>
        <testcase name="testSetInvalidEntityClass" file="/home/josbeir/Sites/elastic-search/tests/TestCase/IndexTest.php" line="154" class="Cake\ElasticSearch\Test\TestCase\IndexTest" classname="Cake.ElasticSearch.Test.TestCase.IndexTest" assertions="1" time="0.030419"/>
        <testcase name="testSetInvalidDocumentClassButWithEntity" file="/home/josbeir/Sites/elastic-search/tests/TestCase/IndexTest.php" line="167" class="Cake\ElasticSearch\Test\TestCase\IndexTest" classname="Cake.ElasticSearch.Test.TestCase.IndexTest" assertions="1" time="0.030921"/>
        <testcase name="testGet" file="/home/josbeir/Sites/elastic-search/tests/TestCase/IndexTest.php" line="182" class="Cake\ElasticSearch\Test\TestCase\IndexTest" classname="Cake.ElasticSearch.Test.TestCase.IndexTest" assertions="10" time="0.024209"/>
        <testcase name="testNewEntity" file="/home/josbeir/Sites/elastic-search/tests/TestCase/IndexTest.php" line="227" class="Cake\ElasticSearch\Test\TestCase\IndexTest" classname="Cake.ElasticSearch.Test.TestCase.IndexTest" assertions="3" time="0.015429"/>
        <testcase name="testNewEntities" file="/home/josbeir/Sites/elastic-search/tests/TestCase/IndexTest.php" line="248" class="Cake\ElasticSearch\Test\TestCase\IndexTest" classname="Cake.ElasticSearch.Test.TestCase.IndexTest" assertions="5" time="0.014895"/>
        <testcase name="testSaveMany" file="/home/josbeir/Sites/elastic-search/tests/TestCase/IndexTest.php" line="276" class="Cake\ElasticSearch\Test\TestCase\IndexTest" classname="Cake.ElasticSearch.Test.TestCase.IndexTest" assertions="8" time="0.017949"/>
        <testcase name="testSaveManyAfterSave" file="/home/josbeir/Sites/elastic-search/tests/TestCase/IndexTest.php" line="313" class="Cake\ElasticSearch\Test\TestCase\IndexTest" classname="Cake.ElasticSearch.Test.TestCase.IndexTest" assertions="8" time="0.026799"/>
        <testcase name="testSaveNew" file="/home/josbeir/Sites/elastic-search/tests/TestCase/IndexTest.php" line="346" class="Cake\ElasticSearch\Test\TestCase\IndexTest" classname="Cake.ElasticSearch.Test.TestCase.IndexTest" assertions="8" time="0.024290"/>
        <testcase name="testSaveNewRoutingKey" file="/home/josbeir/Sites/elastic-search/tests/TestCase/IndexTest.php" line="370" class="Cake\ElasticSearch\Test\TestCase\IndexTest" classname="Cake.ElasticSearch.Test.TestCase.IndexTest" assertions="9" time="0.038946"/>
        <testcase name="testSaveUpdate" file="/home/josbeir/Sites/elastic-search/tests/TestCase/IndexTest.php" line="401" class="Cake\ElasticSearch\Test\TestCase\IndexTest" classname="Cake.ElasticSearch.Test.TestCase.IndexTest" assertions="4" time="0.019526"/>
        <testcase name="testSaveDoesNotSaveDocumentWithErrors" file="/home/josbeir/Sites/elastic-search/tests/TestCase/IndexTest.php" line="420" class="Cake\ElasticSearch\Test\TestCase\IndexTest" classname="Cake.ElasticSearch.Test.TestCase.IndexTest" assertions="1" time="0.018475"/>
        <testcase name="testSaveWithRefresh" file="/home/josbeir/Sites/elastic-search/tests/TestCase/IndexTest.php" line="437" class="Cake\ElasticSearch\Test\TestCase\IndexTest" classname="Cake.ElasticSearch.Test.TestCase.IndexTest" assertions="2" time="0.026176"/>
        <testcase name="testSaveEvents" file="/home/josbeir/Sites/elastic-search/tests/TestCase/IndexTest.php" line="462" class="Cake\ElasticSearch\Test\TestCase\IndexTest" classname="Cake.ElasticSearch.Test.TestCase.IndexTest" assertions="7" time="0.038545"/>
        <testcase name="testSaveBeforeSaveAbort" file="/home/josbeir/Sites/elastic-search/tests/TestCase/IndexTest.php" line="493" class="Cake\ElasticSearch\Test\TestCase\IndexTest" classname="Cake.ElasticSearch.Test.TestCase.IndexTest" assertions="1" time="0.029585"/>
        <testcase name="testSaveEmbedOne" file="/home/josbeir/Sites/elastic-search/tests/TestCase/IndexTest.php" line="516" class="Cake\ElasticSearch\Test\TestCase\IndexTest" classname="Cake.ElasticSearch.Test.TestCase.IndexTest" assertions="2" time="0.058849"/>
        <testcase name="testSaveEmbedMany" file="/home/josbeir/Sites/elastic-search/tests/TestCase/IndexTest.php" line="534" class="Cake\ElasticSearch\Test\TestCase\IndexTest" classname="Cake.ElasticSearch.Test.TestCase.IndexTest" assertions="4" time="0.049525"/>
        <testcase name="testSaveWithRulesCreate" file="/home/josbeir/Sites/elastic-search/tests/TestCase/IndexTest.php" line="557" class="Cake\ElasticSearch\Test\TestCase\IndexTest" classname="Cake.ElasticSearch.Test.TestCase.IndexTest" assertions="2" time="0.031315"/>
        <testcase name="testSaveWithRulesUpdate" file="/home/josbeir/Sites/elastic-search/tests/TestCase/IndexTest.php" line="583" class="Cake\ElasticSearch\Test\TestCase\IndexTest" classname="Cake.ElasticSearch.Test.TestCase.IndexTest" assertions="1" time="0.026508"/>
        <testcase name="testDoubleSave" file="/home/josbeir/Sites/elastic-search/tests/TestCase/IndexTest.php" line="604" class="Cake\ElasticSearch\Test\TestCase\IndexTest" classname="Cake.ElasticSearch.Test.TestCase.IndexTest" assertions="6" time="0.036834"/>
        <testcase name="testDeleteBasic" file="/home/josbeir/Sites/elastic-search/tests/TestCase/IndexTest.php" line="625" class="Cake\ElasticSearch\Test\TestCase\IndexTest" classname="Cake.ElasticSearch.Test.TestCase.IndexTest" assertions="2" time="0.060569"/>
        <testcase name="testDeleteRules" file="/home/josbeir/Sites/elastic-search/tests/TestCase/IndexTest.php" line="637" class="Cake\ElasticSearch\Test\TestCase\IndexTest" classname="Cake.ElasticSearch.Test.TestCase.IndexTest" assertions="2" time="0.030339"/>
        <testcase name="testDeleteEvents" file="/home/josbeir/Sites/elastic-search/tests/TestCase/IndexTest.php" line="654" class="Cake\ElasticSearch\Test\TestCase\IndexTest" classname="Cake.ElasticSearch.Test.TestCase.IndexTest" assertions="6" time="0.044524"/>
        <testcase name="testDeleteBeforeDeleteAbort" file="/home/josbeir/Sites/elastic-search/tests/TestCase/IndexTest.php" line="681" class="Cake\ElasticSearch\Test\TestCase\IndexTest" classname="Cake.ElasticSearch.Test.TestCase.IndexTest" assertions="1" time="0.035573"/>
        <testcase name="testDeleteMissing" file="/home/josbeir/Sites/elastic-search/tests/TestCase/IndexTest.php" line="703" class="Cake\ElasticSearch\Test\TestCase\IndexTest" classname="Cake.ElasticSearch.Test.TestCase.IndexTest" assertions="2" time="0.032532"/>
        <testcase name="testValidatorSetAndGet" file="/home/josbeir/Sites/elastic-search/tests/TestCase/IndexTest.php" line="714" class="Cake\ElasticSearch\Test\TestCase\IndexTest" classname="Cake.ElasticSearch.Test.TestCase.IndexTest" assertions="3" time="0.028435"/>
        <testcase name="testValidatorTriggerEvent" file="/home/josbeir/Sites/elastic-search/tests/TestCase/IndexTest.php" line="726" class="Cake\ElasticSearch\Test\TestCase\IndexTest" classname="Cake.ElasticSearch.Test.TestCase.IndexTest" assertions="3" time="0.034476"/>
        <testcase name="testExists" file="/home/josbeir/Sites/elastic-search/tests/TestCase/IndexTest.php" line="744" class="Cake\ElasticSearch\Test\TestCase\IndexTest" classname="Cake.ElasticSearch.Test.TestCase.IndexTest" assertions="2" time="0.039617"/>
        <testcase name="testDeleteAll" file="/home/josbeir/Sites/elastic-search/tests/TestCase/IndexTest.php" line="753" class="Cake\ElasticSearch\Test\TestCase\IndexTest" classname="Cake.ElasticSearch.Test.TestCase.IndexTest" assertions="2" time="0.044005"/>
        <testcase name="testDeleteAllOnlySome" file="/home/josbeir/Sites/elastic-search/tests/TestCase/IndexTest.php" line="766" class="Cake\ElasticSearch\Test\TestCase\IndexTest" classname="Cake.ElasticSearch.Test.TestCase.IndexTest" assertions="2" time="0.033267"/>
        <testcase name="testAddRules" file="/home/josbeir/Sites/elastic-search/tests/TestCase/IndexTest.php" line="779" class="Cake\ElasticSearch\Test\TestCase\IndexTest" classname="Cake.ElasticSearch.Test.TestCase.IndexTest" assertions="2" time="0.016018"/>
        <testcase name="testAlias" file="/home/josbeir/Sites/elastic-search/tests/TestCase/IndexTest.php" line="802" class="Cake\ElasticSearch\Test\TestCase\IndexTest" classname="Cake.ElasticSearch.Test.TestCase.IndexTest" assertions="2" time="0.019729"/>
        <testcase name="testRegistryAlias" file="/home/josbeir/Sites/elastic-search/tests/TestCase/IndexTest.php" line="811" class="Cake\ElasticSearch\Test\TestCase\IndexTest" classname="Cake.ElasticSearch.Test.TestCase.IndexTest" assertions="2" time="0.022220"/>
        <testcase name="testHasField" file="/home/josbeir/Sites/elastic-search/tests/TestCase/IndexTest.php" line="822" class="Cake\ElasticSearch\Test\TestCase\IndexTest" classname="Cake.ElasticSearch.Test.TestCase.IndexTest" assertions="2" time="0.038910"/>
        <testcase name="testImplementedEvents" file="/home/josbeir/Sites/elastic-search/tests/TestCase/IndexTest.php" line="831" class="Cake\ElasticSearch\Test\TestCase\IndexTest" classname="Cake.ElasticSearch.Test.TestCase.IndexTest" assertions="2" time="0.031325"/>
        <testcase name="testOwnEvents" file="/home/josbeir/Sites/elastic-search/tests/TestCase/IndexTest.php" line="871" class="Cake\ElasticSearch\Test\TestCase\IndexTest" classname="Cake.ElasticSearch.Test.TestCase.IndexTest" assertions="1" time="0.030677"/>
      </testsuite>
      <testsuite name="Cake\ElasticSearch\Test\TestCase\MarshallerTest" file="/home/josbeir/Sites/elastic-search/tests/TestCase/MarshallerTest.php" tests="32" assertions="200" errors="0" failures="0" skipped="0" time="0.884311">
        <testcase name="testOneSimple" file="/home/josbeir/Sites/elastic-search/tests/TestCase/MarshallerTest.php" line="58" class="Cake\ElasticSearch\Test\TestCase\MarshallerTest" classname="Cake.ElasticSearch.Test.TestCase.MarshallerTest" assertions="4" time="0.038432"/>
        <testcase name="testOneValidationErrorsSet" file="/home/josbeir/Sites/elastic-search/tests/TestCase/MarshallerTest.php" line="77" class="Cake\ElasticSearch\Test\TestCase\MarshallerTest" classname="Cake.ElasticSearch.Test.TestCase.MarshallerTest" assertions="5" time="0.047649"/>
        <testcase name="testOneFieldList" file="/home/josbeir/Sites/elastic-search/tests/TestCase/MarshallerTest.php" line="100" class="Cake\ElasticSearch\Test\TestCase\MarshallerTest" classname="Cake.ElasticSearch.Test.TestCase.MarshallerTest" assertions="3" time="0.019780"/>
        <testcase name="testOneAccsesibleFields" file="/home/josbeir/Sites/elastic-search/tests/TestCase/MarshallerTest.php" line="118" class="Cake\ElasticSearch\Test\TestCase\MarshallerTest" classname="Cake.ElasticSearch.Test.TestCase.MarshallerTest" assertions="6" time="0.012769"/>
        <testcase name="testOneBeforeMarshalEvent" file="/home/josbeir/Sites/elastic-search/tests/TestCase/MarshallerTest.php" line="144" class="Cake\ElasticSearch\Test\TestCase\MarshallerTest" classname="Cake.ElasticSearch.Test.TestCase.MarshallerTest" assertions="3" time="0.012927"/>
        <testcase name="testOneBeforeMarshalEventMutateData" file="/home/josbeir/Sites/elastic-search/tests/TestCase/MarshallerTest.php" line="169" class="Cake\ElasticSearch\Test\TestCase\MarshallerTest" classname="Cake.ElasticSearch.Test.TestCase.MarshallerTest" assertions="1" time="0.027869"/>
        <testcase name="testOneEmbeddedOne" file="/home/josbeir/Sites/elastic-search/tests/TestCase/MarshallerTest.php" line="187" class="Cake\ElasticSearch\Test\TestCase\MarshallerTest" classname="Cake.ElasticSearch.Test.TestCase.MarshallerTest" assertions="10" time="0.032058"/>
        <testsuite name="Cake\ElasticSearch\Test\TestCase\MarshallerTest::testOneEmbeddedOneWithOptions" tests="3" assertions="15" errors="0" failures="0" skipped="0" time="0.086987">
          <testcase name="testOneEmbeddedOneWithOptions with data set #0" file="/home/josbeir/Sites/elastic-search/tests/TestCase/MarshallerTest.php" line="238" class="Cake\ElasticSearch\Test\TestCase\MarshallerTest" classname="Cake.ElasticSearch.Test.TestCase.MarshallerTest" assertions="5" time="0.027771"/>
          <testcase name="testOneEmbeddedOneWithOptions with data set #1" file="/home/josbeir/Sites/elastic-search/tests/TestCase/MarshallerTest.php" line="238" class="Cake\ElasticSearch\Test\TestCase\MarshallerTest" classname="Cake.ElasticSearch.Test.TestCase.MarshallerTest" assertions="5" time="0.031948"/>
          <testcase name="testOneEmbeddedOneWithOptions with data set #2" file="/home/josbeir/Sites/elastic-search/tests/TestCase/MarshallerTest.php" line="238" class="Cake\ElasticSearch\Test\TestCase\MarshallerTest" classname="Cake.ElasticSearch.Test.TestCase.MarshallerTest" assertions="5" time="0.027269"/>
        </testsuite>
        <testcase name="testOneEmbeddedMany" file="/home/josbeir/Sites/elastic-search/tests/TestCase/MarshallerTest.php" line="267" class="Cake\ElasticSearch\Test\TestCase\MarshallerTest" classname="Cake.ElasticSearch.Test.TestCase.MarshallerTest" assertions="7" time="0.018666"/>
        <testsuite name="Cake\ElasticSearch\Test\TestCase\MarshallerTest::testOneEmbeddedManyWithOptions" tests="3" assertions="36" errors="0" failures="0" skipped="0" time="0.067987">
          <testcase name="testOneEmbeddedManyWithOptions with data set #0" file="/home/josbeir/Sites/elastic-search/tests/TestCase/MarshallerTest.php" line="313" class="Cake\ElasticSearch\Test\TestCase\MarshallerTest" classname="Cake.ElasticSearch.Test.TestCase.MarshallerTest" assertions="12" time="0.017080"/>
          <testcase name="testOneEmbeddedManyWithOptions with data set #1" file="/home/josbeir/Sites/elastic-search/tests/TestCase/MarshallerTest.php" line="313" class="Cake\ElasticSearch\Test\TestCase\MarshallerTest" classname="Cake.ElasticSearch.Test.TestCase.MarshallerTest" assertions="12" time="0.023031"/>
          <testcase name="testOneEmbeddedManyWithOptions with data set #2" file="/home/josbeir/Sites/elastic-search/tests/TestCase/MarshallerTest.php" line="313" class="Cake\ElasticSearch\Test\TestCase\MarshallerTest" classname="Cake.ElasticSearch.Test.TestCase.MarshallerTest" assertions="12" time="0.027876"/>
        </testsuite>
        <testcase name="testMany" file="/home/josbeir/Sites/elastic-search/tests/TestCase/MarshallerTest.php" line="351" class="Cake\ElasticSearch\Test\TestCase\MarshallerTest" classname="Cake.ElasticSearch.Test.TestCase.MarshallerTest" assertions="5" time="0.030828"/>
        <testcase name="testMerge" file="/home/josbeir/Sites/elastic-search/tests/TestCase/MarshallerTest.php" line="378" class="Cake\ElasticSearch\Test\TestCase\MarshallerTest" classname="Cake.ElasticSearch.Test.TestCase.MarshallerTest" assertions="7" time="0.036319"/>
        <testcase name="testMergeValidationErrorsSet" file="/home/josbeir/Sites/elastic-search/tests/TestCase/MarshallerTest.php" line="400" class="Cake\ElasticSearch\Test\TestCase\MarshallerTest" classname="Cake.ElasticSearch.Test.TestCase.MarshallerTest" assertions="3" time="0.037297"/>
        <testcase name="testMergeFieldList" file="/home/josbeir/Sites/elastic-search/tests/TestCase/MarshallerTest.php" line="422" class="Cake\ElasticSearch\Test\TestCase\MarshallerTest" classname="Cake.ElasticSearch.Test.TestCase.MarshallerTest" assertions="5" time="0.040429"/>
        <testcase name="testMergeBeforeMarshalEvent" file="/home/josbeir/Sites/elastic-search/tests/TestCase/MarshallerTest.php" line="444" class="Cake\ElasticSearch\Test\TestCase\MarshallerTest" classname="Cake.ElasticSearch.Test.TestCase.MarshallerTest" assertions="3" time="0.040794"/>
        <testcase name="testMergeBeforeMarshalEventMutateData" file="/home/josbeir/Sites/elastic-search/tests/TestCase/MarshallerTest.php" line="470" class="Cake\ElasticSearch\Test\TestCase\MarshallerTest" classname="Cake.ElasticSearch.Test.TestCase.MarshallerTest" assertions="1" time="0.052588"/>
        <testcase name="testMergeEmbeddedOneExisting" file="/home/josbeir/Sites/elastic-search/tests/TestCase/MarshallerTest.php" line="489" class="Cake\ElasticSearch\Test\TestCase\MarshallerTest" classname="Cake.ElasticSearch.Test.TestCase.MarshallerTest" assertions="7" time="0.030464"/>
        <testcase name="testMergeEmbeddedOneMissing" file="/home/josbeir/Sites/elastic-search/tests/TestCase/MarshallerTest.php" line="519" class="Cake\ElasticSearch\Test\TestCase\MarshallerTest" classname="Cake.ElasticSearch.Test.TestCase.MarshallerTest" assertions="6" time="0.022475"/>
        <testcase name="testMergeEmbeddedMany" file="/home/josbeir/Sites/elastic-search/tests/TestCase/MarshallerTest.php" line="547" class="Cake\ElasticSearch\Test\TestCase\MarshallerTest" classname="Cake.ElasticSearch.Test.TestCase.MarshallerTest" assertions="6" time="0.032351"/>
        <testcase name="testMergeEmbeddedManySomeMissing" file="/home/josbeir/Sites/elastic-search/tests/TestCase/MarshallerTest.php" line="582" class="Cake\ElasticSearch\Test\TestCase\MarshallerTest" classname="Cake.ElasticSearch.Test.TestCase.MarshallerTest" assertions="8" time="0.034098"/>
        <testcase name="testMergeManyAllNew" file="/home/josbeir/Sites/elastic-search/tests/TestCase/MarshallerTest.php" line="620" class="Cake\ElasticSearch\Test\TestCase\MarshallerTest" classname="Cake.ElasticSearch.Test.TestCase.MarshallerTest" assertions="3" time="0.028292"/>
        <testcase name="testMergeManyFieldList" file="/home/josbeir/Sites/elastic-search/tests/TestCase/MarshallerTest.php" line="642" class="Cake\ElasticSearch\Test\TestCase\MarshallerTest" classname="Cake.ElasticSearch.Test.TestCase.MarshallerTest" assertions="3" time="0.016039"/>
        <testcase name="testMergeManySomeNew" file="/home/josbeir/Sites/elastic-search/tests/TestCase/MarshallerTest.php" line="666" class="Cake\ElasticSearch\Test\TestCase\MarshallerTest" classname="Cake.ElasticSearch.Test.TestCase.MarshallerTest" assertions="8" time="0.017431"/>
        <testcase name="testMergeManyDropsUnknownEntities" file="/home/josbeir/Sites/elastic-search/tests/TestCase/MarshallerTest.php" line="697" class="Cake\ElasticSearch\Test\TestCase\MarshallerTest" classname="Cake.ElasticSearch.Test.TestCase.MarshallerTest" assertions="9" time="0.017846"/>
        <testcase name="testMergeManyBadEntityData" file="/home/josbeir/Sites/elastic-search/tests/TestCase/MarshallerTest.php" line="729" class="Cake\ElasticSearch\Test\TestCase\MarshallerTest" classname="Cake.ElasticSearch.Test.TestCase.MarshallerTest" assertions="2" time="0.017910"/>
        <testcase name="testMarshallOneMultiLevelEmbed" file="/home/josbeir/Sites/elastic-search/tests/TestCase/MarshallerTest.php" line="749" class="Cake\ElasticSearch\Test\TestCase\MarshallerTest" classname="Cake.ElasticSearch.Test.TestCase.MarshallerTest" assertions="10" time="0.017466"/>
        <testcase name="testMarshallOneMultiLevelEmbedWithAccessibleFields" file="/home/josbeir/Sites/elastic-search/tests/TestCase/MarshallerTest.php" line="796" class="Cake\ElasticSearch\Test\TestCase\MarshallerTest" classname="Cake.ElasticSearch.Test.TestCase.MarshallerTest" assertions="8" time="0.019587"/>
        <testcase name="testMarshallManyMultiLevelEmbed" file="/home/josbeir/Sites/elastic-search/tests/TestCase/MarshallerTest.php" line="847" class="Cake\ElasticSearch\Test\TestCase\MarshallerTest" classname="Cake.ElasticSearch.Test.TestCase.MarshallerTest" assertions="16" time="0.026974"/>
      </testsuite>
      <testsuite name="Cake\ElasticSearch\Test\TestCase\QueryBuilderTest" file="/home/josbeir/Sites/elastic-search/tests/TestCase/QueryBuilderTest.php" tests="34" assertions="46" errors="0" failures="0" skipped="0" time="0.037049">
        <testcase name="testBetween" file="/home/josbeir/Sites/elastic-search/tests/TestCase/QueryBuilderTest.php" line="33" class="Cake\ElasticSearch\Test\TestCase\QueryBuilderTest" classname="Cake.ElasticSearch.Test.TestCase.QueryBuilderTest" assertions="2" time="0.001328"/>
        <testcase name="testBool" file="/home/josbeir/Sites/elastic-search/tests/TestCase/QueryBuilderTest.php" line="52" class="Cake\ElasticSearch\Test\TestCase\QueryBuilderTest" classname="Cake.ElasticSearch.Test.TestCase.QueryBuilderTest" assertions="1" time="0.000968"/>
        <testcase name="testExists" file="/home/josbeir/Sites/elastic-search/tests/TestCase/QueryBuilderTest.php" line="62" class="Cake\ElasticSearch\Test\TestCase\QueryBuilderTest" classname="Cake.ElasticSearch.Test.TestCase.QueryBuilderTest" assertions="1" time="0.001168"/>
        <testcase name="testGeoBoundingBox" file="/home/josbeir/Sites/elastic-search/tests/TestCase/QueryBuilderTest.php" line="75" class="Cake\ElasticSearch\Test\TestCase\QueryBuilderTest" classname="Cake.ElasticSearch.Test.TestCase.QueryBuilderTest" assertions="1" time="0.001562"/>
        <testcase name="testGeoDistance" file="/home/josbeir/Sites/elastic-search/tests/TestCase/QueryBuilderTest.php" line="93" class="Cake\ElasticSearch\Test\TestCase\QueryBuilderTest" classname="Cake.ElasticSearch.Test.TestCase.QueryBuilderTest" assertions="2" time="0.001281"/>
        <testcase name="testGeoPolygon" file="/home/josbeir/Sites/elastic-search/tests/TestCase/QueryBuilderTest.php" line="118" class="Cake\ElasticSearch\Test\TestCase\QueryBuilderTest" classname="Cake.ElasticSearch.Test.TestCase.QueryBuilderTest" assertions="1" time="0.000725"/>
        <testcase name="testGeoShape" file="/home/josbeir/Sites/elastic-search/tests/TestCase/QueryBuilderTest.php" line="143" class="Cake\ElasticSearch\Test\TestCase\QueryBuilderTest" classname="Cake.ElasticSearch.Test.TestCase.QueryBuilderTest" assertions="1" time="0.001040"/>
        <testcase name="testGeoShapeIndex" file="/home/josbeir/Sites/elastic-search/tests/TestCase/QueryBuilderTest.php" line="170" class="Cake\ElasticSearch\Test\TestCase\QueryBuilderTest" classname="Cake.ElasticSearch.Test.TestCase.QueryBuilderTest" assertions="1" time="0.001224"/>
        <testcase name="testGt" file="/home/josbeir/Sites/elastic-search/tests/TestCase/QueryBuilderTest.php" line="192" class="Cake\ElasticSearch\Test\TestCase\QueryBuilderTest" classname="Cake.ElasticSearch.Test.TestCase.QueryBuilderTest" assertions="2" time="0.001071"/>
        <testcase name="testGte" file="/home/josbeir/Sites/elastic-search/tests/TestCase/QueryBuilderTest.php" line="211" class="Cake\ElasticSearch\Test\TestCase\QueryBuilderTest" classname="Cake.ElasticSearch.Test.TestCase.QueryBuilderTest" assertions="2" time="0.001136"/>
        <testcase name="testHashChild" file="/home/josbeir/Sites/elastic-search/tests/TestCase/QueryBuilderTest.php" line="230" class="Cake\ElasticSearch\Test\TestCase\QueryBuilderTest" classname="Cake.ElasticSearch.Test.TestCase.QueryBuilderTest" assertions="1" time="0.001592"/>
        <testcase name="testHashParent" file="/home/josbeir/Sites/elastic-search/tests/TestCase/QueryBuilderTest.php" line="246" class="Cake\ElasticSearch\Test\TestCase\QueryBuilderTest" classname="Cake.ElasticSearch.Test.TestCase.QueryBuilderTest" assertions="1" time="0.002366"/>
        <testcase name="testIds" file="/home/josbeir/Sites/elastic-search/tests/TestCase/QueryBuilderTest.php" line="262" class="Cake\ElasticSearch\Test\TestCase\QueryBuilderTest" classname="Cake.ElasticSearch.Test.TestCase.QueryBuilderTest" assertions="1" time="0.000944"/>
        <testcase name="testLimit" file="/home/josbeir/Sites/elastic-search/tests/TestCase/QueryBuilderTest.php" line="277" class="Cake\ElasticSearch\Test\TestCase\QueryBuilderTest" classname="Cake.ElasticSearch.Test.TestCase.QueryBuilderTest" assertions="1" time="0.001284"/>
        <testcase name="testMatchAll" file="/home/josbeir/Sites/elastic-search/tests/TestCase/QueryBuilderTest.php" line="290" class="Cake\ElasticSearch\Test\TestCase\QueryBuilderTest" classname="Cake.ElasticSearch.Test.TestCase.QueryBuilderTest" assertions="1" time="0.001189"/>
        <testcase name="testLt" file="/home/josbeir/Sites/elastic-search/tests/TestCase/QueryBuilderTest.php" line="303" class="Cake\ElasticSearch\Test\TestCase\QueryBuilderTest" classname="Cake.ElasticSearch.Test.TestCase.QueryBuilderTest" assertions="2" time="0.001274"/>
        <testcase name="testLte" file="/home/josbeir/Sites/elastic-search/tests/TestCase/QueryBuilderTest.php" line="322" class="Cake\ElasticSearch\Test\TestCase\QueryBuilderTest" classname="Cake.ElasticSearch.Test.TestCase.QueryBuilderTest" assertions="2" time="0.001249"/>
        <testcase name="testNested" file="/home/josbeir/Sites/elastic-search/tests/TestCase/QueryBuilderTest.php" line="341" class="Cake\ElasticSearch\Test\TestCase\QueryBuilderTest" classname="Cake.ElasticSearch.Test.TestCase.QueryBuilderTest" assertions="1" time="0.001644"/>
        <testcase name="testNestedWithQuery" file="/home/josbeir/Sites/elastic-search/tests/TestCase/QueryBuilderTest.php" line="356" class="Cake\ElasticSearch\Test\TestCase\QueryBuilderTest" classname="Cake.ElasticSearch.Test.TestCase.QueryBuilderTest" assertions="1" time="0.001955"/>
        <testcase name="testNot" file="/home/josbeir/Sites/elastic-search/tests/TestCase/QueryBuilderTest.php" line="374" class="Cake\ElasticSearch\Test\TestCase\QueryBuilderTest" classname="Cake.ElasticSearch.Test.TestCase.QueryBuilderTest" assertions="1" time="0.000801"/>
        <testcase name="testPrefix" file="/home/josbeir/Sites/elastic-search/tests/TestCase/QueryBuilderTest.php" line="391" class="Cake\ElasticSearch\Test\TestCase\QueryBuilderTest" classname="Cake.ElasticSearch.Test.TestCase.QueryBuilderTest" assertions="2" time="0.000672"/>
        <testcase name="testRange" file="/home/josbeir/Sites/elastic-search/tests/TestCase/QueryBuilderTest.php" line="420" class="Cake\ElasticSearch\Test\TestCase\QueryBuilderTest" classname="Cake.ElasticSearch.Test.TestCase.QueryBuilderTest" assertions="1" time="0.000468"/>
        <testcase name="testRegexp" file="/home/josbeir/Sites/elastic-search/tests/TestCase/QueryBuilderTest.php" line="443" class="Cake\ElasticSearch\Test\TestCase\QueryBuilderTest" classname="Cake.ElasticSearch.Test.TestCase.QueryBuilderTest" assertions="1" time="0.000515"/>
        <testcase name="testScript" file="/home/josbeir/Sites/elastic-search/tests/TestCase/QueryBuilderTest.php" line="461" class="Cake\ElasticSearch\Test\TestCase\QueryBuilderTest" classname="Cake.ElasticSearch.Test.TestCase.QueryBuilderTest" assertions="3" time="0.000787"/>
        <testcase name="testSimpleQueryString" file="/home/josbeir/Sites/elastic-search/tests/TestCase/QueryBuilderTest.php" line="476" class="Cake\ElasticSearch\Test\TestCase\QueryBuilderTest" classname="Cake.ElasticSearch.Test.TestCase.QueryBuilderTest" assertions="1" time="0.000431"/>
        <testcase name="testTerm" file="/home/josbeir/Sites/elastic-search/tests/TestCase/QueryBuilderTest.php" line="489" class="Cake\ElasticSearch\Test\TestCase\QueryBuilderTest" classname="Cake.ElasticSearch.Test.TestCase.QueryBuilderTest" assertions="4" time="0.000509"/>
        <testcase name="testTerms" file="/home/josbeir/Sites/elastic-search/tests/TestCase/QueryBuilderTest.php" line="520" class="Cake\ElasticSearch\Test\TestCase\QueryBuilderTest" classname="Cake.ElasticSearch.Test.TestCase.QueryBuilderTest" assertions="1" time="0.001328"/>
        <testcase name="testAnd" file="/home/josbeir/Sites/elastic-search/tests/TestCase/QueryBuilderTest.php" line="533" class="Cake\ElasticSearch\Test\TestCase\QueryBuilderTest" classname="Cake.ElasticSearch.Test.TestCase.QueryBuilderTest" assertions="1" time="0.001403"/>
        <testcase name="testOr" file="/home/josbeir/Sites/elastic-search/tests/TestCase/QueryBuilderTest.php" line="556" class="Cake\ElasticSearch\Test\TestCase\QueryBuilderTest" classname="Cake.ElasticSearch.Test.TestCase.QueryBuilderTest" assertions="1" time="0.001033"/>
        <testcase name="testParseSingleArray" file="/home/josbeir/Sites/elastic-search/tests/TestCase/QueryBuilderTest.php" line="577" class="Cake\ElasticSearch\Test\TestCase\QueryBuilderTest" classname="Cake.ElasticSearch.Test.TestCase.QueryBuilderTest" assertions="1" time="0.002379"/>
        <testcase name="testParseOr" file="/home/josbeir/Sites/elastic-search/tests/TestCase/QueryBuilderTest.php" line="614" class="Cake\ElasticSearch\Test\TestCase\QueryBuilderTest" classname="Cake.ElasticSearch.Test.TestCase.QueryBuilderTest" assertions="1" time="0.000415"/>
        <testcase name="testParseAnd" file="/home/josbeir/Sites/elastic-search/tests/TestCase/QueryBuilderTest.php" line="635" class="Cake\ElasticSearch\Test\TestCase\QueryBuilderTest" classname="Cake.ElasticSearch.Test.TestCase.QueryBuilderTest" assertions="1" time="0.000376"/>
        <testcase name="testParseNot" file="/home/josbeir/Sites/elastic-search/tests/TestCase/QueryBuilderTest.php" line="656" class="Cake\ElasticSearch\Test\TestCase\QueryBuilderTest" classname="Cake.ElasticSearch.Test.TestCase.QueryBuilderTest" assertions="1" time="0.000384"/>
        <testcase name="testParseNumericArray" file="/home/josbeir/Sites/elastic-search/tests/TestCase/QueryBuilderTest.php" line="679" class="Cake\ElasticSearch\Test\TestCase\QueryBuilderTest" classname="Cake.ElasticSearch.Test.TestCase.QueryBuilderTest" assertions="1" time="0.000550"/>
      </testsuite>
      <testsuite name="Cake\ElasticSearch\Test\TestCase\QueryTest" file="/home/josbeir/Sites/elastic-search/tests/TestCase/QueryTest.php" tests="30" assertions="98" errors="0" failures="0" skipped="0" time="0.014898">
        <testcase name="testConstruct" file="/home/josbeir/Sites/elastic-search/tests/TestCase/QueryTest.php" line="43" class="Cake\ElasticSearch\Test\TestCase\QueryTest" classname="Cake.ElasticSearch.Test.TestCase.QueryTest" assertions="1" time="0.000333"/>
        <testcase name="testChainedFinders" file="/home/josbeir/Sites/elastic-search/tests/TestCase/QueryTest.php" line="53" class="Cake\ElasticSearch\Test\TestCase\QueryTest" classname="Cake.ElasticSearch.Test.TestCase.QueryTest" assertions="1" time="0.000344"/>
        <testcase name="testSetFullQuery" file="/home/josbeir/Sites/elastic-search/tests/TestCase/QueryTest.php" line="65" class="Cake\ElasticSearch\Test\TestCase\QueryTest" classname="Cake.ElasticSearch.Test.TestCase.QueryTest" assertions="1" time="0.000466"/>
        <testcase name="testSelect" file="/home/josbeir/Sites/elastic-search/tests/TestCase/QueryTest.php" line="86" class="Cake\ElasticSearch\Test\TestCase\QueryTest" classname="Cake.ElasticSearch.Test.TestCase.QueryTest" assertions="4" time="0.000534"/>
        <testcase name="testLimit" file="/home/josbeir/Sites/elastic-search/tests/TestCase/QueryTest.php" line="106" class="Cake\ElasticSearch\Test\TestCase\QueryTest" classname="Cake.ElasticSearch.Test.TestCase.QueryTest" assertions="4" time="0.000683"/>
        <testcase name="testOffset" file="/home/josbeir/Sites/elastic-search/tests/TestCase/QueryTest.php" line="122" class="Cake\ElasticSearch\Test\TestCase\QueryTest" classname="Cake.ElasticSearch.Test.TestCase.QueryTest" assertions="4" time="0.000528"/>
        <testcase name="testPage" file="/home/josbeir/Sites/elastic-search/tests/TestCase/QueryTest.php" line="138" class="Cake\ElasticSearch\Test\TestCase\QueryTest" classname="Cake.ElasticSearch.Test.TestCase.QueryTest" assertions="9" time="0.000435"/>
        <testcase name="testClause" file="/home/josbeir/Sites/elastic-search/tests/TestCase/QueryTest.php" line="162" class="Cake\ElasticSearch\Test\TestCase\QueryTest" classname="Cake.ElasticSearch.Test.TestCase.QueryTest" assertions="5" time="0.000228"/>
        <testcase name="testApplyOptions" file="/home/josbeir/Sites/elastic-search/tests/TestCase/QueryTest.php" line="188" class="Cake\ElasticSearch\Test\TestCase\QueryTest" classname="Cake.ElasticSearch.Test.TestCase.QueryTest" assertions="1" time="0.000233"/>
        <testcase name="testOrder" file="/home/josbeir/Sites/elastic-search/tests/TestCase/QueryTest.php" line="228" class="Cake\ElasticSearch\Test\TestCase\QueryTest" classname="Cake.ElasticSearch.Test.TestCase.QueryTest" assertions="6" time="0.000309"/>
        <testcase name="testWhere" file="/home/josbeir/Sites/elastic-search/tests/TestCase/QueryTest.php" line="278" class="Cake\ElasticSearch\Test\TestCase\QueryTest" classname="Cake.ElasticSearch.Test.TestCase.QueryTest" assertions="6" time="0.000331"/>
        <testcase name="testQueryMust" file="/home/josbeir/Sites/elastic-search/tests/TestCase/QueryTest.php" line="340" class="Cake\ElasticSearch\Test\TestCase\QueryTest" classname="Cake.ElasticSearch.Test.TestCase.QueryTest" assertions="6" time="0.000332"/>
        <testcase name="testQueryShould" file="/home/josbeir/Sites/elastic-search/tests/TestCase/QueryTest.php" line="399" class="Cake\ElasticSearch\Test\TestCase\QueryTest" classname="Cake.ElasticSearch.Test.TestCase.QueryTest" assertions="6" time="0.000306"/>
        <testcase name="testPostFilter" file="/home/josbeir/Sites/elastic-search/tests/TestCase/QueryTest.php" line="461" class="Cake\ElasticSearch\Test\TestCase\QueryTest" classname="Cake.ElasticSearch.Test.TestCase.QueryTest" assertions="6" time="0.000322"/>
        <testcase name="testLimitZero" file="/home/josbeir/Sites/elastic-search/tests/TestCase/QueryTest.php" line="523" class="Cake\ElasticSearch\Test\TestCase\QueryTest" classname="Cake.ElasticSearch.Test.TestCase.QueryTest" assertions="2" time="0.000241"/>
        <testcase name="testOffsetZero" file="/home/josbeir/Sites/elastic-search/tests/TestCase/QueryTest.php" line="535" class="Cake\ElasticSearch\Test\TestCase\QueryTest" classname="Cake.ElasticSearch.Test.TestCase.QueryTest" assertions="2" time="0.000325"/>
        <testcase name="testCollapse" file="/home/josbeir/Sites/elastic-search/tests/TestCase/QueryTest.php" line="547" class="Cake\ElasticSearch\Test\TestCase\QueryTest" classname="Cake.ElasticSearch.Test.TestCase.QueryTest" assertions="2" time="0.000503"/>
        <testcase name="testAggregations" file="/home/josbeir/Sites/elastic-search/tests/TestCase/QueryTest.php" line="565" class="Cake\ElasticSearch\Test\TestCase\QueryTest" classname="Cake.ElasticSearch.Test.TestCase.QueryTest" assertions="3" time="0.000955"/>
        <testcase name="testHighlight" file="/home/josbeir/Sites/elastic-search/tests/TestCase/QueryTest.php" line="591" class="Cake\ElasticSearch\Test\TestCase\QueryTest" classname="Cake.ElasticSearch.Test.TestCase.QueryTest" assertions="4" time="0.000370"/>
        <testcase name="testMinScore" file="/home/josbeir/Sites/elastic-search/tests/TestCase/QueryTest.php" line="616" class="Cake\ElasticSearch\Test\TestCase\QueryTest" classname="Cake.ElasticSearch.Test.TestCase.QueryTest" assertions="2" time="0.000331"/>
        <testcase name="testSearchOptionsMethod" file="/home/josbeir/Sites/elastic-search/tests/TestCase/QueryTest.php" line="628" class="Cake\ElasticSearch\Test\TestCase\QueryTest" classname="Cake.ElasticSearch.Test.TestCase.QueryTest" assertions="3" time="0.000283"/>
        <testcase name="testCountMethod" file="/home/josbeir/Sites/elastic-search/tests/TestCase/QueryTest.php" line="649" class="Cake\ElasticSearch\Test\TestCase\QueryTest" classname="Cake.ElasticSearch.Test.TestCase.QueryTest" assertions="3" time="0.001483"/>
        <testcase name="testCacheMethod" file="/home/josbeir/Sites/elastic-search/tests/TestCase/QueryTest.php" line="663" class="Cake\ElasticSearch\Test\TestCase\QueryTest" classname="Cake.ElasticSearch.Test.TestCase.QueryTest" assertions="2" time="0.000368"/>
        <testcase name="testMapReduceMethod" file="/home/josbeir/Sites/elastic-search/tests/TestCase/QueryTest.php" line="680" class="Cake\ElasticSearch\Test\TestCase\QueryTest" classname="Cake.ElasticSearch.Test.TestCase.QueryTest" assertions="3" time="0.000232"/>
        <testcase name="testFormatResultsMethod" file="/home/josbeir/Sites/elastic-search/tests/TestCase/QueryTest.php" line="709" class="Cake\ElasticSearch\Test\TestCase\QueryTest" classname="Cake.ElasticSearch.Test.TestCase.QueryTest" assertions="3" time="0.000225"/>
        <testcase name="testFirstOrFailMethod" file="/home/josbeir/Sites/elastic-search/tests/TestCase/QueryTest.php" line="738" class="Cake\ElasticSearch\Test\TestCase\QueryTest" classname="Cake.ElasticSearch.Test.TestCase.QueryTest" assertions="1" time="0.001176"/>
        <testcase name="testAliasFieldMethods" file="/home/josbeir/Sites/elastic-search/tests/TestCase/QueryTest.php" line="753" class="Cake\ElasticSearch\Test\TestCase\QueryTest" classname="Cake.ElasticSearch.Test.TestCase.QueryTest" assertions="3" time="0.000393"/>
        <testcase name="testGetOptionsMethod" file="/home/josbeir/Sites/elastic-search/tests/TestCase/QueryTest.php" line="779" class="Cake\ElasticSearch\Test\TestCase\QueryTest" classname="Cake.ElasticSearch.Test.TestCase.QueryTest" assertions="2" time="0.000364"/>
        <testcase name="testToArrayMethod" file="/home/josbeir/Sites/elastic-search/tests/TestCase/QueryTest.php" line="799" class="Cake\ElasticSearch\Test\TestCase\QueryTest" classname="Cake.ElasticSearch.Test.TestCase.QueryTest" assertions="1" time="0.001231"/>
        <testcase name="testGetIteratorMethod" file="/home/josbeir/Sites/elastic-search/tests/TestCase/QueryTest.php" line="812" class="Cake\ElasticSearch\Test\TestCase\QueryTest" classname="Cake.ElasticSearch.Test.TestCase.QueryTest" assertions="2" time="0.001034"/>
      </testsuite>
      <testsuite name="Cake\ElasticSearch\Test\TestCase\ResultSetTest" file="/home/josbeir/Sites/elastic-search/tests/TestCase/ResultSetTest.php" tests="4" assertions="24" errors="0" failures="0" skipped="0" time="0.152457">
        <testcase name="testConstructor" file="/home/josbeir/Sites/elastic-search/tests/TestCase/ResultSetTest.php" line="40" class="Cake\ElasticSearch\Test\TestCase\ResultSetTest" classname="Cake.ElasticSearch.Test.TestCase.ResultSetTest" assertions="2" time="0.032307"/>
        <testcase name="testCurrent" file="/home/josbeir/Sites/elastic-search/tests/TestCase/ResultSetTest.php" line="66" class="Cake\ElasticSearch\Test\TestCase\ResultSetTest" classname="Cake.ElasticSearch.Test.TestCase.ResultSetTest" assertions="5" time="0.043713"/>
        <testcase name="testDecoratedMethods" file="/home/josbeir/Sites/elastic-search/tests/TestCase/ResultSetTest.php" line="96" class="Cake\ElasticSearch\Test\TestCase\ResultSetTest" classname="Cake.ElasticSearch.Test.TestCase.ResultSetTest" assertions="10" time="0.043465"/>
        <testcase name="testStatsProxies" file="/home/josbeir/Sites/elastic-search/tests/TestCase/ResultSetTest.php" line="128" class="Cake\ElasticSearch\Test\TestCase\ResultSetTest" classname="Cake.ElasticSearch.Test.TestCase.ResultSetTest" assertions="7" time="0.032972"/>
      </testsuite>
      <testsuite name="Cake\ElasticSearch\Test\TestCase\RulesCheckerTest" file="/home/josbeir/Sites/elastic-search/tests/TestCase/RulesCheckerTest.php" tests="3" assertions="4" errors="0" failures="0" skipped="0" time="0.108251">
        <testcase name="testIsUniqueDomainRule" file="/home/josbeir/Sites/elastic-search/tests/TestCase/RulesCheckerTest.php" line="38" class="Cake\ElasticSearch\Test\TestCase\RulesCheckerTest" classname="Cake.ElasticSearch.Test.TestCase.RulesCheckerTest" assertions="2" time="0.035793"/>
        <testcase name="testIsUniqueExisting" file="/home/josbeir/Sites/elastic-search/tests/TestCase/RulesCheckerTest.php" line="65" class="Cake\ElasticSearch\Test\TestCase\RulesCheckerTest" classname="Cake.ElasticSearch.Test.TestCase.RulesCheckerTest" assertions="1" time="0.038666"/>
        <testcase name="testIsUniqueWithNullValue" file="/home/josbeir/Sites/elastic-search/tests/TestCase/RulesCheckerTest.php" line="80" class="Cake\ElasticSearch\Test\TestCase\RulesCheckerTest" classname="Cake.ElasticSearch.Test.TestCase.RulesCheckerTest" assertions="1" time="0.033792"/>
      </testsuite>
      <testsuite name="Cake\ElasticSearch\Test\TestCase\TestSuite\Fixture\DeleteQueryStrategyTest" file="/home/josbeir/Sites/elastic-search/tests/TestCase/TestSuite/Fixture/DeleteQueryStrategyTest.php" tests="1" assertions="2" errors="0" failures="0" skipped="0" time="0.013476">
        <testcase name="testTeardownTest" file="/home/josbeir/Sites/elastic-search/tests/TestCase/TestSuite/Fixture/DeleteQueryStrategyTest.php" line="30" class="Cake\ElasticSearch\Test\TestCase\TestSuite\Fixture\DeleteQueryStrategyTest" classname="Cake.ElasticSearch.Test.TestCase.TestSuite.Fixture.DeleteQueryStrategyTest" assertions="2" time="0.013476"/>
      </testsuite>
      <testsuite name="Cake\ElasticSearch\Test\TestCase\View\Form\DocumentContextTest" file="/home/josbeir/Sites/elastic-search/tests/TestCase/View/Form/DocumentContextTest.php" tests="27" assertions="118" errors="0" failures="0" skipped="0" time="1.433212">
        <testcase name="testPrimaryKey" file="/home/josbeir/Sites/elastic-search/tests/TestCase/View/Form/DocumentContextTest.php" line="71" class="Cake\ElasticSearch\Test\TestCase\View\Form\DocumentContextTest" classname="Cake.ElasticSearch.Test.TestCase.View.Form.DocumentContextTest" assertions="1" time="0.028696"/>
        <testcase name="testIsPrimaryKey" file="/home/josbeir/Sites/elastic-search/tests/TestCase/View/Form/DocumentContextTest.php" line="86" class="Cake\ElasticSearch\Test\TestCase\View\Form\DocumentContextTest" classname="Cake.ElasticSearch.Test.TestCase.View.Form.DocumentContextTest" assertions="8" time="0.048884"/>
        <testcase name="testIsCreateSingle" file="/home/josbeir/Sites/elastic-search/tests/TestCase/View/Form/DocumentContextTest.php" line="108" class="Cake\ElasticSearch\Test\TestCase\View\Form\DocumentContextTest" classname="Cake.ElasticSearch.Test.TestCase.View.Form.DocumentContextTest" assertions="3" time="0.053102"/>
        <testsuite name="Cake\ElasticSearch\Test\TestCase\View\Form\DocumentContextTest::testIsCreateCollection" tests="4" assertions="4" errors="0" failures="0" skipped="0" time="0.223649">
          <testcase name="testIsCreateCollection with data set &quot;array&quot;" file="/home/josbeir/Sites/elastic-search/tests/TestCase/View/Form/DocumentContextTest.php" line="161" class="Cake\ElasticSearch\Test\TestCase\View\Form\DocumentContextTest" classname="Cake.ElasticSearch.Test.TestCase.View.Form.DocumentContextTest" assertions="1" time="0.054748"/>
          <testcase name="testIsCreateCollection with data set &quot;basic iterator&quot;" file="/home/josbeir/Sites/elastic-search/tests/TestCase/View/Form/DocumentContextTest.php" line="161" class="Cake\ElasticSearch\Test\TestCase\View\Form\DocumentContextTest" classname="Cake.ElasticSearch.Test.TestCase.View.Form.DocumentContextTest" assertions="1" time="0.066073"/>
          <testcase name="testIsCreateCollection with data set &quot;array iterator&quot;" file="/home/josbeir/Sites/elastic-search/tests/TestCase/View/Form/DocumentContextTest.php" line="161" class="Cake\ElasticSearch\Test\TestCase\View\Form\DocumentContextTest" classname="Cake.ElasticSearch.Test.TestCase.View.Form.DocumentContextTest" assertions="1" time="0.063260"/>
          <testcase name="testIsCreateCollection with data set &quot;collection&quot;" file="/home/josbeir/Sites/elastic-search/tests/TestCase/View/Form/DocumentContextTest.php" line="161" class="Cake\ElasticSearch\Test\TestCase\View\Form\DocumentContextTest" classname="Cake.ElasticSearch.Test.TestCase.View.Form.DocumentContextTest" assertions="1" time="0.039567"/>
        </testsuite>
        <testcase name="testValBasic" file="/home/josbeir/Sites/elastic-search/tests/TestCase/View/Form/DocumentContextTest.php" line="175" class="Cake\ElasticSearch\Test\TestCase\View\Form\DocumentContextTest" classname="Cake.ElasticSearch.Test.TestCase.View.Form.DocumentContextTest" assertions="3" time="0.025707"/>
        <testcase name="testValEmbeddedDocs" file="/home/josbeir/Sites/elastic-search/tests/TestCase/View/Form/DocumentContextTest.php" line="203" class="Cake\ElasticSearch\Test\TestCase\View\Form\DocumentContextTest" classname="Cake.ElasticSearch.Test.TestCase.View.Form.DocumentContextTest" assertions="4" time="0.028853"/>
        <testsuite name="Cake\ElasticSearch\Test\TestCase\View\Form\DocumentContextTest::testValOnCollections" tests="4" assertions="24" errors="0" failures="0" skipped="0" time="0.137709">
          <testcase name="testValOnCollections with data set &quot;array&quot;" file="/home/josbeir/Sites/elastic-search/tests/TestCase/View/Form/DocumentContextTest.php" line="240" class="Cake\ElasticSearch\Test\TestCase\View\Form\DocumentContextTest" classname="Cake.ElasticSearch.Test.TestCase.View.Form.DocumentContextTest" assertions="6" time="0.026192"/>
          <testcase name="testValOnCollections with data set &quot;basic iterator&quot;" file="/home/josbeir/Sites/elastic-search/tests/TestCase/View/Form/DocumentContextTest.php" line="240" class="Cake\ElasticSearch\Test\TestCase\View\Form\DocumentContextTest" classname="Cake.ElasticSearch.Test.TestCase.View.Form.DocumentContextTest" assertions="6" time="0.026691"/>
          <testcase name="testValOnCollections with data set &quot;array iterator&quot;" file="/home/josbeir/Sites/elastic-search/tests/TestCase/View/Form/DocumentContextTest.php" line="240" class="Cake\ElasticSearch\Test\TestCase\View\Form\DocumentContextTest" classname="Cake.ElasticSearch.Test.TestCase.View.Form.DocumentContextTest" assertions="6" time="0.023262"/>
          <testcase name="testValOnCollections with data set &quot;collection&quot;" file="/home/josbeir/Sites/elastic-search/tests/TestCase/View/Form/DocumentContextTest.php" line="240" class="Cake\ElasticSearch\Test\TestCase\View\Form\DocumentContextTest" classname="Cake.ElasticSearch.Test.TestCase.View.Form.DocumentContextTest" assertions="6" time="0.061565"/>
        </testsuite>
        <testcase name="testValOnArrays" file="/home/josbeir/Sites/elastic-search/tests/TestCase/View/Form/DocumentContextTest.php" line="269" class="Cake\ElasticSearch\Test\TestCase\View\Form\DocumentContextTest" classname="Cake.ElasticSearch.Test.TestCase.View.Form.DocumentContextTest" assertions="3" time="0.053493"/>
        <testcase name="testIsRequrired" file="/home/josbeir/Sites/elastic-search/tests/TestCase/View/Form/DocumentContextTest.php" line="304" class="Cake\ElasticSearch\Test\TestCase\View\Form\DocumentContextTest" classname="Cake.ElasticSearch.Test.TestCase.View.Form.DocumentContextTest" assertions="3" time="0.074613"/>
        <testcase name="testIsRequriredAlternateValidator" file="/home/josbeir/Sites/elastic-search/tests/TestCase/View/Form/DocumentContextTest.php" line="324" class="Cake\ElasticSearch\Test\TestCase\View\Form\DocumentContextTest" classname="Cake.ElasticSearch.Test.TestCase.View.Form.DocumentContextTest" assertions="3" time="0.063947"/>
        <testsuite name="Cake\ElasticSearch\Test\TestCase\View\Form\DocumentContextTest::testErrorsOnCollections" tests="4" assertions="32" errors="0" failures="0" skipped="0" time="0.267171">
          <testcase name="testErrorsOnCollections with data set &quot;array&quot;" file="/home/josbeir/Sites/elastic-search/tests/TestCase/View/Form/DocumentContextTest.php" line="346" class="Cake\ElasticSearch\Test\TestCase\View\Form\DocumentContextTest" classname="Cake.ElasticSearch.Test.TestCase.View.Form.DocumentContextTest" assertions="8" time="0.086805"/>
          <testcase name="testErrorsOnCollections with data set &quot;basic iterator&quot;" file="/home/josbeir/Sites/elastic-search/tests/TestCase/View/Form/DocumentContextTest.php" line="346" class="Cake\ElasticSearch\Test\TestCase\View\Form\DocumentContextTest" classname="Cake.ElasticSearch.Test.TestCase.View.Form.DocumentContextTest" assertions="8" time="0.063701"/>
          <testcase name="testErrorsOnCollections with data set &quot;array iterator&quot;" file="/home/josbeir/Sites/elastic-search/tests/TestCase/View/Form/DocumentContextTest.php" line="346" class="Cake\ElasticSearch\Test\TestCase\View\Form\DocumentContextTest" classname="Cake.ElasticSearch.Test.TestCase.View.Form.DocumentContextTest" assertions="8" time="0.061782"/>
          <testcase name="testErrorsOnCollections with data set &quot;collection&quot;" file="/home/josbeir/Sites/elastic-search/tests/TestCase/View/Form/DocumentContextTest.php" line="346" class="Cake\ElasticSearch\Test\TestCase\View\Form\DocumentContextTest" classname="Cake.ElasticSearch.Test.TestCase.View.Form.DocumentContextTest" assertions="8" time="0.054882"/>
        </testsuite>
        <testcase name="testError" file="/home/josbeir/Sites/elastic-search/tests/TestCase/View/Form/DocumentContextTest.php" line="371" class="Cake\ElasticSearch\Test\TestCase\View\Form\DocumentContextTest" classname="Cake.ElasticSearch.Test.TestCase.View.Form.DocumentContextTest" assertions="3" time="0.055618"/>
        <testcase name="testNestedValidatorErrors" file="/home/josbeir/Sites/elastic-search/tests/TestCase/View/Form/DocumentContextTest.php" line="407" class="Cake\ElasticSearch\Test\TestCase\View\Form\DocumentContextTest" classname="Cake.ElasticSearch.Test.TestCase.View.Form.DocumentContextTest" assertions="6" time="0.057080"/>
        <testcase name="testErrorAssociatedHasMany" file="/home/josbeir/Sites/elastic-search/tests/TestCase/View/Form/DocumentContextTest.php" line="460" class="Cake\ElasticSearch\Test\TestCase\View\Form\DocumentContextTest" classname="Cake.ElasticSearch.Test.TestCase.View.Form.DocumentContextTest" assertions="8" time="0.053694"/>
        <testcase name="testErrorNestedFields" file="/home/josbeir/Sites/elastic-search/tests/TestCase/View/Form/DocumentContextTest.php" line="498" class="Cake\ElasticSearch\Test\TestCase\View\Form\DocumentContextTest" classname="Cake.ElasticSearch.Test.TestCase.View.Form.DocumentContextTest" assertions="3" time="0.049484"/>
        <testcase name="testFieldNames" file="/home/josbeir/Sites/elastic-search/tests/TestCase/View/Form/DocumentContextTest.php" line="533" class="Cake\ElasticSearch\Test\TestCase\View\Form\DocumentContextTest" classname="Cake.ElasticSearch.Test.TestCase.View.Form.DocumentContextTest" assertions="3" time="0.082978"/>
        <testcase name="testIndex" file="/home/josbeir/Sites/elastic-search/tests/TestCase/View/Form/DocumentContextTest.php" line="552" class="Cake\ElasticSearch\Test\TestCase\View\Form\DocumentContextTest" classname="Cake.ElasticSearch.Test.TestCase.View.Form.DocumentContextTest" assertions="4" time="0.071163"/>
        <testcase name="testIndexNestedFields" file="/home/josbeir/Sites/elastic-search/tests/TestCase/View/Form/DocumentContextTest.php" line="579" class="Cake\ElasticSearch\Test\TestCase\View\Form\DocumentContextTest" classname="Cake.ElasticSearch.Test.TestCase.View.Form.DocumentContextTest" assertions="3" time="0.057371"/>
      </testsuite>
    </testsuite>
  </testsuite>
</testsuites>
